// Jest Snapshot v1, https://goo.gl/fbAQLP

exports[`expect to render Card component 1`] = `
"<div>
  <Card id={1} name=\\"John Smith\\" email=\\"some@email.com\\" />
</div>"
`;
